GAMS 24.8.5  r61358 Released May 10, 2017 DEX-DEG x86 64bit/Mac OS X                                                                                                                                                                   04/04/18 11:13:00 Page 1
G e n e r a l   A l g e b r a i c   M o d e l i n g   S y s t e m
C o m p i l a t i o n


   1  *cd /Users/jacobdalton/Dropbox/EG230X_MSc_Tibber/04_Code/Jacob
   2   
   3  Sets
   4  t       number of time steps /t1*t16/
   5  *t1 = 16:00pm, t16 = 10:00am
   6  i       number of vehicles /i1*i3/
   7  w       scenarios /w1,w2/
   8  ;
   9   
  10  Scalar
  11  Eff_ch                  Efficiency of charge /0.9/
  12  min_ch                  Minimum charge /0/
  13  Fee_DA                                  Trading fee DA /0.41/
  14  Fee_RT                                  Trading fee RT /1.13/
  15  ;
  16   
  17  Parameters
  18  Pi(w)                   Probability of scenario w /w1=0.5, w2=0.5/
  19  LambdaDA(t)                             DA price
  20  LambdaRT(t,w)                   RT price
  21  LambdaR(t)                              DA regulation price
  22  u(t,i,w)                bnary parameter equal to 1 when ith vehicle is between T_arr & T_dep
  23  Ebat_max(i)             Energy capacity of EV battery
  24  P_ch(i)                 Charger power
  25  T_arr(i,w)              Arrival time
  26  T_dep(i,w)              Departure time
  27  SOC_arr(i,w)            State of Energy
  28  SOC_dep(i,w)            SOC departure
  29  ;
  30   
GDXIN   /Users/jacobdalton/Dropbox/EG230X_MSc_Tibber/04_Code/Jacob/gdxEnRef_in1.gdx
--- LOAD  LambdaDA = 4:LambdaDA
--- LOAD  LambdaRT = 5:LambdaRT
--- LOAD  LambdaR = 6:LambdaR
--- LOAD  u = 7:u
--- LOAD  Ebat_max = 8:Ebat_max
--- LOAD  P_ch = 9:P_ch
--- LOAD  T_arr = 10:T_arr
--- LOAD  T_dep = 11:T_dep
--- LOAD  SOC_arr = 12:SOC_arr
--- LOAD  SOC_dep = 13:SOC_dep
  34   
  35  Variables
  36  SOC(t,i,w)              SOC
  37  E_DA(t)                 Energy bid day ahead
  38  R_DA(t)                 Regulation bid day ahead
  39  E_RT(t,w)               Energy consumption RT Total
  40  E_RTi(t,i,w)            Energy consumption RT of ith vehicle
  41  Pmax(t,i,w)                             Max RT Power consumption of ith vehicle
  42  Delta_E(t,w)            Energy difference RT & DA
  43  Pmax(t,i,w)                             Max RT Power consumption of ith vehicle
  44  Profit                  Aggregator Profit
  45  A                                               DA cost
GAMS 24.8.5  r61358 Released May 10, 2017 DEX-DEG x86 64bit/Mac OS X                                                                                                                                                                   04/04/18 11:13:00 Page 2
G e n e r a l   A l g e b r a i c   M o d e l i n g   S y s t e m
C o m p i l a t i o n


  46  B                                               RT Cost
  47  R                                               Regulation Return
  48  ;
  49   
  50  Equations
  51  Obj                     Objective function
  52  Aeq                                             Obj1 DA Cost
  53  Beq                                             Obj2 RT Cost
  54  Req                                             Obj3 Reg. Return
  55  Edev_eq(t,w)            Energy Deviation between RT & DA
  56  E_RT_eq(t,w)            Energy consumption RT
  57  E_RTi_eq(t,i,w)         Energy consumption i RT
  58  Pmax_eq(t,i,w)                  Pmax
  59  SOC_eq(t,i,w)           State of charge time plus 1
  60  SOC_Tdep(t,i,w)         SOC at departure
  61  SOC_Tarr(t,i,w)         SOC at arrival
  62  R_up(t,w)               Regulation up max
  63  R_d(t,w)                Regulation down max
  64  ;
  65   
  66  Obj .. R - A - B =e= Profit;
  67   
  68  Aeq .. A =e= 1/1000 * sum(t,(LambdaDA(t)+Fee_DA) * E_DA(t));
  69  Beq .. B =e= 1/1000 * sum(w, Pi(w) * sum(t,(LambdaRT(t,w) * Delta_E(t,w))
  70  + abs(Delta_E(t,w)) * Fee_RT));
  71  Req .. R =e= 1/1000 * sum(t,LambdaR(t) * R_DA(t));
  72   
  73  Edev_eq(t,w) .. Delta_E(t,w) =e= E_RT(t,w) - E_DA(t);
  74  E_RT_eq(t,w) .. E_RT(t,w) =e= sum(i, E_RTi(t,i,w));
  75  E_RTi_eq(t,i,w) .. E_RTi(t,i,w) =l= (Pmax(t,i,w) + Pmax (t+1,i,w))/2;
  76  Pmax_eq(t,i,w) .. Pmax(t,i,w) =l= u(t,i,w) * P_ch(i);
  77   
  78  * and ord(t) le T_dep(i,w)
  79  SOC_eq(t,i,w)$(ord(t) gt T_arr(i,w)) ..
  80  SOC(t,i,w) =e= SOC(t-1,i,w) + (Eff_ch * E_RTi(t-1,i,w)/Ebat_max(i));
  81   
  82  SOC_Tdep(t,i,w)$(ord(t) ge T_dep(i,w)) .. SOC(t,i,w) =e= SOC_dep(i,w);
  83  SOC_Tarr(t,i,w)$(ord(t) eq T_arr(i,w)) .. SOC(t,i,w) =e= SOC_arr(i,w);
  84   
  85  R_up(t,w) .. R_DA(t) =l= E_RT(t,w);
  86  R_d(t,w) .. R_DA(t) =l= sum(i, u(t,i,w) * P_ch(i)) - E_RT(t,w);
  87   
  88  E_RTi.lo(t,i,w) = 0;
  89  *E_RTi.up(t,i,w) = u(t,i,w) * P_ch(i);
  90  E_DA.lo(t) = 0;
  91  E_DA.up(t) = sum(i, P_ch(i));
  92  SOC.lo(t,i,w) = min_ch;
  93  SOC.up(t,i,w) = 1;
  94   
  95  Model
  96  Maxprofit /all/
  97  ;
  98   
GAMS 24.8.5  r61358 Released May 10, 2017 DEX-DEG x86 64bit/Mac OS X                                                                                                                                                                   04/04/18 11:13:00 Page 3
G e n e r a l   A l g e b r a i c   M o d e l i n g   S y s t e m
C o m p i l a t i o n


  99  Solve
 100  Maxprofit using DNLP maximizing Profit
 101  ;
 102   
 103  Display
 104  profit.l, A.l, B.l, R.l, E_DA.l, Delta_E.l, R_DA.l, E_RTi.l, E_RT.l, SOC.l
 105  ;
 106   
 107  file output;
 108  R_DA.l(t)$(Not R_DA.l(t)) = EPS;
 109  E_DA.l(t)$(Not E_DA.l(t)) = EPS;
 110  Delta_E.l(t,w)$(Not Delta_E.l(t,w)) = EPS;
 111  E_RT.l(t,w)$(Not E_RT.l(t,w)) = EPS;
 112  E_RTi.l(t,i,w)$(Not E_RTi.l(t,i,w)) = EPS;
 113  SOC.l(t,i,w)$(Not SOC.l(t,i,w)) = EPS;
 114   
 115  Execute_unload
 116   '/Users/jacobdalton/Dropbox/EG230X_MSc_Tibber/04_Code/Jacob/Vagro_winter.gdx'
 117  ;
 118   
 119   
 120   
GAMS 24.8.5  r61358 Released May 10, 2017 DEX-DEG x86 64bit/Mac OS X                                                                                                                                                                   04/04/18 11:13:00 Page 4
G e n e r a l   A l g e b r a i c   M o d e l i n g   S y s t e m
Include File Summary


   SEQ   GLOBAL TYPE      PARENT   LOCAL  FILENAME

     1        1 INPUT          0       0  /Users/jacobdalton/Dropbox/EG230X_MSc_Tibber/04_Code/Jacob/Vagro_2S_W_wgdx.gms
     2       31 GDXIN          1      31  /Users/jacobdalton/Dropbox/EG230X_MSc_Tibber/04_Code/Jacob/gdxEnRef_in1.gdx


COMPILATION TIME     =        0.009 SECONDS      3 MB  24.8.5 r61358 DEX-DEG
GAMS 24.8.5  r61358 Released May 10, 2017 DEX-DEG x86 64bit/Mac OS X                                                                                                                                                                   04/04/18 11:13:00 Page 5
G e n e r a l   A l g e b r a i c   M o d e l i n g   S y s t e m
Equation Listing    SOLVE Maxprofit Using DNLP From line 101


---- Obj  =E=  Objective function

Obj..  - Profit - A - B + R =E= 0 ; (LHS = 0)
     

---- Aeq  =E=  Obj1 DA Cost

Aeq..  - 0.28915*E_DA(t1) - 0.29564*E_DA(t2) - 0.28954*E_DA(t3) - 0.28728*E_DA(t4) - 0.28433*E_DA(t5) - 0.27616*E_DA(t6) - 0.2435*E_DA(t7) - 0.16303*E_DA(t8) - 0.25743*E_DA(t9) - 0.23423*E_DA(t10) - 0.20089*E_DA(t11) - 0.21191*E_DA(t12)
     
      - 0.23334*E_DA(t13) - 0.27484*E_DA(t14) - 0.28624*E_DA(t15) - 0.31161*E_DA(t16) + A =E= 0 ; (LHS = 0)
     

---- Beq  =E=  Obj2 RT Cost

Beq..  - (0.133471)*Delta_E(t1,w1) - (0.13444)*Delta_E(t1,w2) - (0.137551)*Delta_E(t2,w1) - (0.135103)*Delta_E(t2,w2) - (0.130513)*Delta_E(t3,w1) - (0.146833)*Delta_E(t3,w2) - (0.131992)*Delta_E(t4,w1) - (0.148516)*Delta_E(t4,w2)
     
      - (0.119242)*Delta_E(t5,w1) - (0.157033)*Delta_E(t5,w2) - (0.140152)*Delta_E(t6,w1) - (0.148057)*Delta_E(t6,w2) - (0.123781)*Delta_E(t7,w1) - (0.145354)*Delta_E(t7,w2) - (0.126892)*Delta_E(t8,w1) - (0.14515)*Delta_E(t8,w2)
     
      - (0.086194)*Delta_E(t9,w1) - (0.14464)*Delta_E(t9,w2) - (0.150862)*Delta_E(t10,w1) - (0.138826)*Delta_E(t10,w2) - (0.157288)*Delta_E(t11,w1) - (0.135052)*Delta_E(t11,w2) - (0.159124)*Delta_E(t12,w1) - (0.133828)*Delta_E(t12,w2)
     
      - (0.158053)*Delta_E(t13,w1) - (0.139795)*Delta_E(t13,w2) - (0.149332)*Delta_E(t14,w1) - (0.142804)*Delta_E(t14,w2) - (0.150148)*Delta_E(t15,w1) - (0.150607)*Delta_E(t15,w2) - (0.171364)*Delta_E(t16,w1) - (0.146935)*Delta_E(t16,w2) + B =E= 0 ;
     
      (LHS = 0)
     

---- Req  =E=  Obj3 Reg. Return

Req..  - 0.11919*R_DA(t1) - 0.11913*R_DA(t2) - 0.1196*R_DA(t3) - 0.12024*R_DA(t4) - 0.11964*R_DA(t5) - 0.11952*R_DA(t6) - 0.1192*R_DA(t7) - 0.12123*R_DA(t8) - 0.24846*R_DA(t9) - 0.25807*R_DA(t10) - 0.25634*R_DA(t11) - 0.2569*R_DA(t12) - 0.23479*R_DA(t13)
     
      - 0.22492*R_DA(t14) - 0.17241*R_DA(t15) - 0.17681*R_DA(t16) + R =E= 0 ; (LHS = 0)
     

---- Edev_eq  =E=  Energy Deviation between RT & DA

Edev_eq(t1,w1)..  E_DA(t1) - E_RT(t1,w1) + Delta_E(t1,w1) =E= 0 ; (LHS = 0)
     
Edev_eq(t1,w2)..  E_DA(t1) - E_RT(t1,w2) + Delta_E(t1,w2) =E= 0 ; (LHS = 0)
     
Edev_eq(t2,w1)..  E_DA(t2) - E_RT(t2,w1) + Delta_E(t2,w1) =E= 0 ; (LHS = 0)
     
REMAINING 29 ENTRIES SKIPPED


---- E_RT_eq  =E=  Energy consumption RT

E_RT_eq(t1,w1)..  E_RT(t1,w1) - E_RTi(t1,i1,w1) - E_RTi(t1,i2,w1) - E_RTi(t1,i3,w1) =E= 0 ; (LHS = 0)
     
E_RT_eq(t1,w2)..  E_RT(t1,w2) - E_RTi(t1,i1,w2) - E_RTi(t1,i2,w2) - E_RTi(t1,i3,w2) =E= 0 ; (LHS = 0)
     
E_RT_eq(t2,w1)..  E_RT(t2,w1) - E_RTi(t2,i1,w1) - E_RTi(t2,i2,w1) - E_RTi(t2,i3,w1) =E= 0 ; (LHS = 0)
     
REMAINING 29 ENTRIES SKIPPED

GAMS 24.8.5  r61358 Released May 10, 2017 DEX-DEG x86 64bit/Mac OS X                                                                                                                                                                   04/04/18 11:13:00 Page 6
G e n e r a l   A l g e b r a i c   M o d e l i n g   S y s t e m
Equation Listing    SOLVE Maxprofit Using DNLP From line 101


---- E_RTi_eq  =L=  Energy consumption i RT

E_RTi_eq(t1,i1,w1)..  E_RTi(t1,i1,w1) - 0.5*Pmax(t1,i1,w1) - 0.5*Pmax(t2,i1,w1) =L= 0 ; (LHS = 0)
     
E_RTi_eq(t1,i1,w2)..  E_RTi(t1,i1,w2) - 0.5*Pmax(t1,i1,w2) - 0.5*Pmax(t2,i1,w2) =L= 0 ; (LHS = 0)
     
E_RTi_eq(t1,i2,w1)..  E_RTi(t1,i2,w1) - 0.5*Pmax(t1,i2,w1) - 0.5*Pmax(t2,i2,w1) =L= 0 ; (LHS = 0)
     
REMAINING 93 ENTRIES SKIPPED


---- Pmax_eq  =L=  Pmax

Pmax_eq(t1,i1,w1)..  Pmax(t1,i1,w1) =L= 6 ; (LHS = 0)
     
Pmax_eq(t1,i1,w2)..  Pmax(t1,i1,w2) =L= 0 ; (LHS = 0)
     
Pmax_eq(t1,i2,w1)..  Pmax(t1,i2,w1) =L= 0 ; (LHS = 0)
     
REMAINING 93 ENTRIES SKIPPED


---- SOC_eq  =E=  State of charge time plus 1

SOC_eq(t2,i1,w1)..  - SOC(t1,i1,w1) + SOC(t2,i1,w1) - 0.009*E_RTi(t1,i1,w1) =E= 0 ; (LHS = 0)
     
SOC_eq(t3,i1,w1)..  - SOC(t2,i1,w1) + SOC(t3,i1,w1) - 0.009*E_RTi(t2,i1,w1) =E= 0 ; (LHS = 0)
     
SOC_eq(t3,i2,w2)..  - SOC(t2,i2,w2) + SOC(t3,i2,w2) - 0.015*E_RTi(t2,i2,w2) =E= 0 ; (LHS = 0)
     
REMAINING 77 ENTRIES SKIPPED


---- SOC_Tdep  =E=  SOC at departure

SOC_Tdep(t11,i1,w2)..  SOC(t11,i1,w2) =E= 0.9 ; (LHS = 0, INFES = 0.9 ****)
     
SOC_Tdep(t12,i1,w2)..  SOC(t12,i1,w2) =E= 0.9 ; (LHS = 0, INFES = 0.9 ****)
     
SOC_Tdep(t13,i1,w2)..  SOC(t13,i1,w2) =E= 0.9 ; (LHS = 0, INFES = 0.9 ****)
     
REMAINING 16 ENTRIES SKIPPED


---- SOC_Tarr  =E=  SOC at arrival

SOC_Tarr(t1,i1,w1)..  SOC(t1,i1,w1) =E= 0.64 ; (LHS = 0, INFES = 0.64 ****)
     
SOC_Tarr(t2,i2,w2)..  SOC(t2,i2,w2) =E= 0.7 ; (LHS = 0, INFES = 0.7 ****)
     
GAMS 24.8.5  r61358 Released May 10, 2017 DEX-DEG x86 64bit/Mac OS X                                                                                                                                                                   04/04/18 11:13:00 Page 7
G e n e r a l   A l g e b r a i c   M o d e l i n g   S y s t e m
Equation Listing    SOLVE Maxprofit Using DNLP From line 101


     SOC_Tarr  =E=  SOC at arrival

SOC_Tarr(t2,i3,w1)..  SOC(t2,i3,w1) =E= 0.61 ; (LHS = 0, INFES = 0.61 ****)
     
REMAINING 3 ENTRIES SKIPPED


---- R_up  =L=  Regulation up max

R_up(t1,w1)..  R_DA(t1) - E_RT(t1,w1) =L= 0 ; (LHS = 0)
     
R_up(t1,w2)..  R_DA(t1) - E_RT(t1,w2) =L= 0 ; (LHS = 0)
     
R_up(t2,w1)..  R_DA(t2) - E_RT(t2,w1) =L= 0 ; (LHS = 0)
     
REMAINING 29 ENTRIES SKIPPED


---- R_d  =L=  Regulation down max

R_d(t1,w1)..  R_DA(t1) + E_RT(t1,w1) =L= 6 ; (LHS = 0)
     
R_d(t1,w2)..  R_DA(t1) + E_RT(t1,w2) =L= 0 ; (LHS = 0)
     
R_d(t2,w1)..  R_DA(t2) + E_RT(t2,w1) =L= 12 ; (LHS = 0)
     
REMAINING 29 ENTRIES SKIPPED

GAMS 24.8.5  r61358 Released May 10, 2017 DEX-DEG x86 64bit/Mac OS X                                                                                                                                                                   04/04/18 11:13:00 Page 8
G e n e r a l   A l g e b r a i c   M o d e l i n g   S y s t e m
Column Listing      SOLVE Maxprofit Using DNLP From line 101


---- SOC  SOC

SOC(t1,i1,w1)
                (.LO, .L, .UP, .M = 0, 0, 1, 0)
       -1       SOC_eq(t2,i1,w1)
        1       SOC_Tarr(t1,i1,w1)

SOC(t2,i1,w1)
                (.LO, .L, .UP, .M = 0, 0, 1, 0)
        1       SOC_eq(t2,i1,w1)
       -1       SOC_eq(t3,i1,w1)

SOC(t2,i2,w2)
                (.LO, .L, .UP, .M = 0, 0, 1, 0)
       -1       SOC_eq(t3,i2,w2)
        1       SOC_Tarr(t2,i2,w2)

REMAINING 83 ENTRIES SKIPPED

---- E_DA  Energy bid day ahead

E_DA(t1)
                (.LO, .L, .UP, .M = 0, 0, 18, 0)
       -0.2892  Aeq
        1       Edev_eq(t1,w1)
        1       Edev_eq(t1,w2)

E_DA(t2)
                (.LO, .L, .UP, .M = 0, 0, 18, 0)
       -0.2956  Aeq
        1       Edev_eq(t2,w1)
        1       Edev_eq(t2,w2)

E_DA(t3)
                (.LO, .L, .UP, .M = 0, 0, 18, 0)
       -0.2895  Aeq
        1       Edev_eq(t3,w1)
        1       Edev_eq(t3,w2)

REMAINING 13 ENTRIES SKIPPED

---- R_DA  Regulation bid day ahead

R_DA(t1)
                (.LO, .L, .UP, .M = -INF, 0, +INF, 0)
       -0.1192  Req
        1       R_up(t1,w1)
        1       R_up(t1,w2)
        1       R_d(t1,w1)
        1       R_d(t1,w2)

R_DA(t2)
                (.LO, .L, .UP, .M = -INF, 0, +INF, 0)
GAMS 24.8.5  r61358 Released May 10, 2017 DEX-DEG x86 64bit/Mac OS X                                                                                                                                                                   04/04/18 11:13:00 Page 9
G e n e r a l   A l g e b r a i c   M o d e l i n g   S y s t e m
Column Listing      SOLVE Maxprofit Using DNLP From line 101


     R_DA  Regulation bid day ahead

       -0.1191  Req
        1       R_up(t2,w1)
        1       R_up(t2,w2)
        1       R_d(t2,w1)
        1       R_d(t2,w2)

R_DA(t3)
                (.LO, .L, .UP, .M = -INF, 0, +INF, 0)
       -0.1196  Req
        1       R_up(t3,w1)
        1       R_up(t3,w2)
        1       R_d(t3,w1)
        1       R_d(t3,w2)

REMAINING 13 ENTRIES SKIPPED

---- E_RT  Energy consumption RT Total

E_RT(t1,w1)
                (.LO, .L, .UP, .M = -INF, 0, +INF, 0)
       -1       Edev_eq(t1,w1)
        1       E_RT_eq(t1,w1)
       -1       R_up(t1,w1)
        1       R_d(t1,w1)

E_RT(t1,w2)
                (.LO, .L, .UP, .M = -INF, 0, +INF, 0)
       -1       Edev_eq(t1,w2)
        1       E_RT_eq(t1,w2)
       -1       R_up(t1,w2)
        1       R_d(t1,w2)

E_RT(t2,w1)
                (.LO, .L, .UP, .M = -INF, 0, +INF, 0)
       -1       Edev_eq(t2,w1)
        1       E_RT_eq(t2,w1)
       -1       R_up(t2,w1)
        1       R_d(t2,w1)

REMAINING 29 ENTRIES SKIPPED

---- E_RTi  Energy consumption RT of ith vehicle

E_RTi(t1,i1,w1)
                (.LO, .L, .UP, .M = 0, 0, +INF, 0)
       -1       E_RT_eq(t1,w1)
        1       E_RTi_eq(t1,i1,w1)
       -0.009   SOC_eq(t2,i1,w1)

E_RTi(t1,i1,w2)
                (.LO, .L, .UP, .M = 0, 0, +INF, 0)
GAMS 24.8.5  r61358 Released May 10, 2017 DEX-DEG x86 64bit/Mac OS X                                                                                                                                                                  04/04/18 11:13:00 Page 10
G e n e r a l   A l g e b r a i c   M o d e l i n g   S y s t e m
Column Listing      SOLVE Maxprofit Using DNLP From line 101


     E_RTi  Energy consumption RT of ith vehicle

       -1       E_RT_eq(t1,w2)
        1       E_RTi_eq(t1,i1,w2)

E_RTi(t1,i2,w1)
                (.LO, .L, .UP, .M = 0, 0, +INF, 0)
       -1       E_RT_eq(t1,w1)
        1       E_RTi_eq(t1,i2,w1)

REMAINING 93 ENTRIES SKIPPED

---- Pmax  Max RT Power consumption of ith vehicle

Pmax(t1,i1,w1)
                (.LO, .L, .UP, .M = -INF, 0, +INF, 0)
       -0.5     E_RTi_eq(t1,i1,w1)
        1       Pmax_eq(t1,i1,w1)

Pmax(t1,i1,w2)
                (.LO, .L, .UP, .M = -INF, 0, +INF, 0)
       -0.5     E_RTi_eq(t1,i1,w2)
        1       Pmax_eq(t1,i1,w2)

Pmax(t1,i2,w1)
                (.LO, .L, .UP, .M = -INF, 0, +INF, 0)
       -0.5     E_RTi_eq(t1,i2,w1)
        1       Pmax_eq(t1,i2,w1)

REMAINING 93 ENTRIES SKIPPED

---- Delta_E  Energy difference RT & DA

Delta_E(t1,w1)
                (.LO, .L, .UP, .M = -INF, 0, +INF, 0)
      (-0.1335) Beq
        1       Edev_eq(t1,w1)

Delta_E(t1,w2)
                (.LO, .L, .UP, .M = -INF, 0, +INF, 0)
      (-0.1344) Beq
        1       Edev_eq(t1,w2)

Delta_E(t2,w1)
                (.LO, .L, .UP, .M = -INF, 0, +INF, 0)
      (-0.1376) Beq
        1       Edev_eq(t2,w1)

REMAINING 29 ENTRIES SKIPPED
GAMS 24.8.5  r61358 Released May 10, 2017 DEX-DEG x86 64bit/Mac OS X                                                                                                                                                                  04/04/18 11:13:00 Page 11
G e n e r a l   A l g e b r a i c   M o d e l i n g   S y s t e m
Column Listing      SOLVE Maxprofit Using DNLP From line 101


---- Profit  Aggregator Profit

Profit
                (.LO, .L, .UP, .M = -INF, 0, +INF, 0)
       -1       Obj


---- A  DA cost

A
                (.LO, .L, .UP, .M = -INF, 0, +INF, 0)
       -1       Obj
        1       Aeq


---- B  RT Cost

B
                (.LO, .L, .UP, .M = -INF, 0, +INF, 0)
       -1       Obj
        1       Beq


---- R  Regulation Return

R
                (.LO, .L, .UP, .M = -INF, 0, +INF, 0)
        1       Obj
        1       Req

GAMS 24.8.5  r61358 Released May 10, 2017 DEX-DEG x86 64bit/Mac OS X                                                                                                                                                                  04/04/18 11:13:00 Page 12
G e n e r a l   A l g e b r a i c   M o d e l i n g   S y s t e m
Model Statistics    SOLVE Maxprofit Using DNLP From line 101


MODEL STATISTICS

BLOCKS OF EQUATIONS          13     SINGLE EQUATIONS          429
BLOCKS OF VARIABLES          11     SINGLE VARIABLES          378
NON ZERO ELEMENTS         1,066     NON LINEAR N-Z             32
DERIVATIVE POOL              20     CONSTANT POOL              50
CODE LENGTH                 196


GENERATION TIME      =        0.004 SECONDS      4 MB  24.8.5 r61358 DEX-DEG


EXECUTION TIME       =        0.004 SECONDS      4 MB  24.8.5 r61358 DEX-DEG
GAMS 24.8.5  r61358 Released May 10, 2017 DEX-DEG x86 64bit/Mac OS X                                                                                                                                                                  04/04/18 11:13:00 Page 13
G e n e r a l   A l g e b r a i c   M o d e l i n g   S y s t e m
Solution Report     SOLVE Maxprofit Using DNLP From line 101


               S O L V E      S U M M A R Y

     MODEL   Maxprofit           OBJECTIVE  Profit
     TYPE    DNLP                DIRECTION  MAXIMIZE
     SOLVER  CONOPT              FROM LINE  101

**** SOLVER STATUS     1 Normal Completion         
**** MODEL STATUS      2 Locally Optimal           
**** OBJECTIVE VALUE               -0.3876

 RESOURCE USAGE, LIMIT          0.011      1000.000
 ITERATION COUNT, LIMIT        13    2000000000
 EVALUATION ERRORS              0             0
CONOPT 3         24.8.5 r61358 Released May 10, 2017 DEG x86 64bit/Mac OS X   
 
 
    C O N O P T 3   version 3.17C
    Copyright (C)   ARKI Consulting and Development A/S
                    Bagsvaerdvej 246 A
                    DK-2880 Bagsvaerd, Denmark
 
 
    The model has 378 variables and 429 constraints
    with 1066 Jacobian elements, 32 of which are nonlinear.
    The Hessian of the Lagrangian has 32 elements on the diagonal,
    0 elements below the diagonal, and 32 nonlinear variables.
 
                   Pre-triangular equations:   39
                   Post-triangular equations:  36
                   Definitional equations:     31
 
 
 ** Optimal solution. Reduced gradient less than tolerance.
 
 
 CONOPT time Total                            0.012 seconds
   of which: Function evaluations             0.001 =  8.3%
             1st Derivative evaluations       0.000 =  0.0%
 

                           LOWER          LEVEL          UPPER         MARGINAL

---- EQU Obj                 .              .              .            -1.0000      
---- EQU Aeq                 .              .              .            -1.0000      
---- EQU Beq                 .              .              .            -1.0000      
---- EQU Req                 .              .              .             1.0000      

  Obj  Objective function
  Aeq  Obj1 DA Cost
  Beq  Obj2 RT Cost
  Req  Obj3 Reg. Return
GAMS 24.8.5  r61358 Released May 10, 2017 DEX-DEG x86 64bit/Mac OS X                                                                                                                                                                  04/04/18 11:13:00 Page 14
G e n e r a l   A l g e b r a i c   M o d e l i n g   S y s t e m
Solution Report     SOLVE Maxprofit Using DNLP From line 101


---- EQU Edev_eq  Energy Deviation between RT & DA

              LOWER          LEVEL          UPPER         MARGINAL

t1 .w1          .              .              .            -0.1335      
t1 .w2          .              .              .            -0.1344      
t2 .w1          .              .              .            -0.1376      
t2 .w2          .              .              .            -0.1351      
t3 .w1          .              .              .            -0.1294      
t3 .w2          .              .              .            -0.1457      
t4 .w1          .              .              .            -0.1320      
t4 .w2          .              .              .            -0.1485      
t5 .w1          .              .              .            -0.1192      
t5 .w2          .              .              .            -0.1570      
t6 .w1          .              .              .            -0.1390      
t6 .w2          .              .              .            -0.1469      
t7 .w1          .              .              .            -0.1227      
t7 .w2          .              .              .            -0.1442      
t8 .w1          .              .              .            -0.1258      
t8 .w2          .              .              .            -0.1440      
t9 .w1          .              .              .            -0.0862      
t9 .w2          .              .              .            -0.1446      
t10.w1          .              .              .            -0.1497      
t10.w2          .              .              .            -0.1377      
t11.w1          .              .              .            -0.1562      
t11.w2          .              .              .            -0.1339      
t12.w1          .              .              .            -0.1580      
t12.w2          .              .              .            -0.1327      
t13.w1          .              .              .            -0.1569      
t13.w2          .              .              .            -0.1387      
t14.w1          .              .              .            -0.1482      
t14.w2          .              .              .            -0.1417      
t15.w1          .              .              .            -0.1490      
t15.w2          .              .              .            -0.1495      
t16.w1          .              .              .            -0.1702      
t16.w2          .              .              .            -0.1458      

---- EQU E_RT_eq  Energy consumption RT

              LOWER          LEVEL          UPPER         MARGINAL

t1 .w1          .              .              .            -0.1335      
t1 .w2          .              .              .            -0.0153      
t2 .w1          .              .              .            -0.0184      
t2 .w2          .              .              .            -0.1351      
t3 .w1          .              .              .            -0.0118      
t3 .w2          .              .              .            -0.1437      
t4 .w1          .              .              .            -0.0118      
t4 .w2          .              .              .            -0.1485      
t5 .w1          .              .              .            -0.0118      
t5 .w2          .              .              .            -0.1485      
t6 .w1          .              .              .            -0.0195      
t6 .w2          .              .              .            -0.1469      
GAMS 24.8.5  r61358 Released May 10, 2017 DEX-DEG x86 64bit/Mac OS X                                                                                                                                                                  04/04/18 11:13:00 Page 15
G e n e r a l   A l g e b r a i c   M o d e l i n g   S y s t e m
Solution Report     SOLVE Maxprofit Using DNLP From line 101


     EQU E_RT_eq  Energy consumption RT

              LOWER          LEVEL          UPPER         MARGINAL

t7 .w1          .              .              .            -0.0118      
t7 .w2          .              .              .            -0.1485      
t8 .w1          .              .              .            -0.0118      
t8 .w2          .              .              .            -0.1485      
t9 .w1          .              .              .            -0.0118      
t9 .w2          .              .              .            -0.1485      
t10.w1          .              .              .            -0.0118      
t10.w2          .              .              .            -0.1485      
t11.w1          .              .              .            -0.0118      
t11.w2          .              .              .            -0.1327      
t12.w1          .              .              .            -0.0118      
t12.w2          .              .              .            -0.1327      
t13.w1          .              .              .             0.0719      
t13.w2          .              .              .            -0.1327      
t14.w1          .              .              .            -0.0118      
t14.w2          .              .              .            -0.1327      
t15.w1          .              .              .            -0.0118      
t15.w2          .              .              .            -0.1143      
t16.w1          .              .              .             EPS         
t16.w2          .              .              .            -0.1392      

---- EQU E_RTi_eq  Energy consumption i RT

                 LOWER          LEVEL          UPPER         MARGINAL

t1 .i1.w1        -INF             .              .             EPS         
t1 .i1.w2        -INF             .              .              .          
t1 .i2.w1        -INF             .              .              .          
t1 .i2.w2        -INF             .              .             EPS         
t1 .i3.w1        -INF             .              .             EPS         
t1 .i3.w2        -INF             .              .              .          
t2 .i1.w1        -INF             .              .             EPS         
t2 .i1.w2        -INF             .              .             EPS         
t2 .i2.w1        -INF           -1.5556          .              .          
t2 .i2.w2        -INF           -3.0000          .              .          
t2 .i3.w1        -INF             .              .             EPS         
t2 .i3.w2        -INF             .              .              .          
t3 .i1.w1        -INF             .              .              .          
t3 .i1.w2        -INF           -2.7778          .              .          
t3 .i2.w1        -INF             .              .             EPS         
t3 .i2.w2        -INF             .              .             EPS         
t3 .i3.w1        -INF             .              .             EPS         
t3 .i3.w2        -INF             .              .             EPS         
t4 .i1.w1        -INF             .              .             EPS         
t4 .i1.w2        -INF             .              .             EPS         
t4 .i2.w1        -INF             .              .             EPS         
t4 .i2.w2        -INF             .              .             EPS         
t4 .i3.w1        -INF             .              .             EPS         
t4 .i3.w2        -INF             .              .             EPS         
GAMS 24.8.5  r61358 Released May 10, 2017 DEX-DEG x86 64bit/Mac OS X                                                                                                                                                                  04/04/18 11:13:00 Page 16
G e n e r a l   A l g e b r a i c   M o d e l i n g   S y s t e m
Solution Report     SOLVE Maxprofit Using DNLP From line 101


     EQU E_RTi_eq  Energy consumption i RT

                 LOWER          LEVEL          UPPER         MARGINAL

t5 .i1.w1        -INF           -5.7778          .              .          
t5 .i1.w2        -INF           -2.4444          .              .          
t5 .i2.w1        -INF             .              .             EPS         
t5 .i2.w2        -INF             .              .             EPS         
t5 .i3.w1        -INF             .              .             EPS         
t5 .i3.w2        -INF           -0.5556          .              .          
t6 .i1.w1        -INF           -5.7778          .              .          
t6 .i1.w2        -INF             .              .             0.0016      
t6 .i2.w1        -INF           -3.0000          .              .          
t6 .i2.w2        -INF             .              .             EPS         
t6 .i3.w1        -INF             .              .              .          
t6 .i3.w2        -INF             .              .             0.0016      
t7 .i1.w1        -INF             .              .             EPS         
t7 .i1.w2        -INF           -3.0000          .              .          
t7 .i2.w1        -INF             .              .             EPS         
t7 .i2.w2        -INF             .              .             EPS         
t7 .i3.w1        -INF             .              .             EPS         
t7 .i3.w2        -INF             .              .             EPS         
t8 .i1.w1        -INF           -2.3487          .              .          
t8 .i1.w2        -INF             .              .             EPS         
t8 .i2.w1        -INF             .              .             EPS         
t8 .i2.w2        -INF             .              .             EPS         
t8 .i3.w1        -INF             .              .             EPS         
t8 .i3.w2        -INF           -3.0000          .              .          
t9 .i1.w1        -INF           -0.4598          .              .          
t9 .i1.w2        -INF             .              .             EPS         
t9 .i2.w1        -INF             .              .              .          
t9 .i2.w2        -INF             .              .             EPS         
t9 .i3.w1        -INF             .              .             EPS         
t9 .i3.w2        -INF           -3.0000          .              .          
t10.i1.w1        -INF             .              .             EPS         
t10.i1.w2        -INF             .              .             EPS         
t10.i2.w1        -INF             .              .             EPS         
t10.i2.w2        -INF             .              .             EPS         
t10.i3.w1        -INF           -1.1111          .              .          
t10.i3.w2        -INF             .              .              .          
t11.i1.w1        -INF             .              .             EPS         
t11.i1.w2        -INF             .              .             EPS         
t11.i2.w1        -INF             .              .             EPS         
t11.i2.w2        -INF             .              .             EPS         
t11.i3.w1        -INF             .              .             EPS         
t11.i3.w2        -INF             .              .             0.0158      
t12.i1.w1        -INF             .              .             EPS         
t12.i1.w2        -INF             .              .             EPS         
t12.i2.w1        -INF           -3.0000          .              .          
t12.i2.w2        -INF           -1.6667          .              .          
t12.i3.w1        -INF             .              .             EPS         
t12.i3.w2        -INF             .              .             0.0158      
t13.i1.w1        -INF             .              .             0.0837      
GAMS 24.8.5  r61358 Released May 10, 2017 DEX-DEG x86 64bit/Mac OS X                                                                                                                                                                  04/04/18 11:13:00 Page 17
G e n e r a l   A l g e b r a i c   M o d e l i n g   S y s t e m
Solution Report     SOLVE Maxprofit Using DNLP From line 101


     EQU E_RTi_eq  Energy consumption i RT

                 LOWER          LEVEL          UPPER         MARGINAL

t13.i1.w2        -INF             .              .             EPS         
t13.i2.w1        -INF             .              .             EPS         
t13.i2.w2        -INF             .              .             EPS         
t13.i3.w1        -INF             .              .             0.0837      
t13.i3.w2        -INF           -3.0000          .              .          
t14.i1.w1        -INF             .              .             EPS         
t14.i1.w2        -INF             .              .             EPS         
t14.i2.w1        -INF             .              .              .          
t14.i2.w2        -INF             .              .              .          
t14.i3.w1        -INF             .              .              .          
t14.i3.w2        -INF             .              .             EPS         
t15.i1.w1        -INF             .              .             EPS         
t15.i1.w2        -INF             .              .             EPS         
t15.i2.w1        -INF             .              .             EPS         
t15.i2.w2        -INF             .              .             EPS         
t15.i3.w1        -INF             .              .             EPS         
t15.i3.w2        -INF             .              .             EPS         
t16.i1.w1        -INF             .              .              .          
t16.i1.w2        -INF             .              .              .          
t16.i2.w1        -INF             .              .              .          
t16.i2.w2        -INF             .              .             EPS         
t16.i3.w1        -INF             .              .             EPS         
t16.i3.w2        -INF             .              .              .          

---- EQU Pmax_eq  Pmax

                 LOWER          LEVEL          UPPER         MARGINAL

t1 .i1.w1        -INF           -6.0000         6.0000          .          
t1 .i1.w2        -INF             .              .             EPS         
t1 .i2.w1        -INF             .              .             EPS         
t1 .i2.w2        -INF             .              .             EPS         
t1 .i3.w1        -INF             .              .             EPS         
t1 .i3.w2        -INF             .              .             EPS         
t2 .i1.w1        -INF            6.0000         6.0000         EPS         
t2 .i1.w2        -INF             .              .             EPS         
t2 .i2.w1        -INF             .              .             EPS         
t2 .i2.w2        -INF             .             6.0000          .          
t2 .i3.w1        -INF             .             6.0000          .          
t2 .i3.w2        -INF             .              .             EPS         
t3 .i1.w1        -INF           -6.0000         6.0000          .          
t3 .i1.w2        -INF             .              .              .          
t3 .i2.w1        -INF            3.1111         6.0000          .          
t3 .i2.w2        -INF            6.0000         6.0000          .          
t3 .i3.w1        -INF             .             6.0000          .          
t3 .i3.w2        -INF             .              .             EPS         
t4 .i1.w1        -INF            6.0000         6.0000         EPS         
t4 .i1.w2        -INF            5.5556         6.0000          .          
t4 .i2.w1        -INF           -3.1111         6.0000          .          
GAMS 24.8.5  r61358 Released May 10, 2017 DEX-DEG x86 64bit/Mac OS X                                                                                                                                                                  04/04/18 11:13:00 Page 18
G e n e r a l   A l g e b r a i c   M o d e l i n g   S y s t e m
Solution Report     SOLVE Maxprofit Using DNLP From line 101


     EQU Pmax_eq  Pmax

                 LOWER          LEVEL          UPPER         MARGINAL

t4 .i2.w2        -INF           -6.0000         6.0000          .          
t4 .i3.w1        -INF             .             6.0000          .          
t4 .i3.w2        -INF      -3.81917E-14         6.0000          .          
t5 .i1.w1        -INF            6.0000         6.0000         EPS         
t5 .i1.w2        -INF            6.0000         6.0000         EPS         
t5 .i2.w1        -INF            4.8889         6.0000          .          
t5 .i2.w2        -INF            6.0000         6.0000          .          
t5 .i3.w1        -INF            1.1111         6.0000          .          
t5 .i3.w2        -INF            6.0000         6.0000         EPS         
t6 .i1.w1        -INF            5.5556         6.0000         EPS         
t6 .i1.w2        -INF            6.0000         6.0000         0.0008      
t6 .i2.w1        -INF            6.0000         6.0000         EPS         
t6 .i2.w2        -INF           -6.0000         6.0000          .          
t6 .i3.w1        -INF            6.0000         6.0000         EPS         
t6 .i3.w2        -INF            6.0000         6.0000         0.0008      
t7 .i1.w1        -INF            6.0000         6.0000         EPS         
t7 .i1.w2        -INF            6.0000         6.0000         0.0008      
t7 .i2.w1        -INF      -7.10543E-15         6.0000          .          
t7 .i2.w2        -INF            6.0000         6.0000         EPS         
t7 .i3.w1        -INF           -6.0000         6.0000          .          
t7 .i3.w2        -INF            6.0000         6.0000         0.0008      
t8 .i1.w1        -INF            6.0000         6.0000         EPS         
t8 .i1.w2        -INF            6.0000         6.0000         EPS         
t8 .i2.w1        -INF            6.0000         6.0000         EPS         
t8 .i2.w2        -INF           -6.0000         6.0000          .          
t8 .i3.w1        -INF            6.0000         6.0000         EPS         
t8 .i3.w2        -INF            6.0000         6.0000         EPS         
t9 .i1.w1        -INF            4.6973         6.0000         EPS         
t9 .i1.w2        -INF            6.0000         6.0000         EPS         
t9 .i2.w1        -INF           -6.0000         6.0000          .          
t9 .i2.w2        -INF            6.0000         6.0000          .          
t9 .i3.w1        -INF            6.0000         6.0000         EPS         
t9 .i3.w2        -INF            6.0000         6.0000         EPS         
t10.i1.w1        -INF            6.0000         6.0000         EPS         
t10.i1.w2        -INF            6.0000         6.0000         EPS         
t10.i2.w1        -INF            6.0000         6.0000         EPS         
t10.i2.w2        -INF           -6.0000         6.0000          .          
t10.i3.w1        -INF            2.2222         6.0000          .          
t10.i3.w2        -INF            6.0000         6.0000         EPS         
t11.i1.w1        -INF            6.0000         6.0000         EPS         
t11.i1.w2        -INF             .             6.0000          .          
t11.i2.w1        -INF      -3.55271E-15         6.0000          .          
t11.i2.w2        -INF            6.0000         6.0000          .          
t11.i3.w1        -INF      -2.30926E-14         6.0000          .          
t11.i3.w2        -INF            6.0000         6.0000         0.0079      
t12.i1.w1        -INF             .              .             EPS         
t12.i1.w2        -INF             .             6.0000          .          
t12.i2.w1        -INF            6.0000         6.0000         EPS         
t12.i2.w2        -INF      1.776357E-15         6.0000          .          
GAMS 24.8.5  r61358 Released May 10, 2017 DEX-DEG x86 64bit/Mac OS X                                                                                                                                                                  04/04/18 11:13:00 Page 19
G e n e r a l   A l g e b r a i c   M o d e l i n g   S y s t e m
Solution Report     SOLVE Maxprofit Using DNLP From line 101


     EQU Pmax_eq  Pmax

                 LOWER          LEVEL          UPPER         MARGINAL

t12.i3.w1        -INF            6.0000         6.0000         EPS         
t12.i3.w2        -INF            6.0000         6.0000         0.0158      
t13.i1.w1        -INF             .              .             0.0418      
t13.i1.w2        -INF             .             6.0000          .          
t13.i2.w1        -INF             .             6.0000          .          
t13.i2.w2        -INF            6.0000         6.0000          .          
t13.i3.w1        -INF            6.0000         6.0000         0.0418      
t13.i3.w2        -INF            6.0000         6.0000         0.0079      
t14.i1.w1        -INF             .              .             0.0418      
t14.i1.w2        -INF             .             6.0000          .          
t14.i2.w1        -INF             .              .             EPS         
t14.i2.w2        -INF            6.0000         6.0000         EPS         
t14.i3.w1        -INF            6.0000         6.0000         0.0418      
t14.i3.w2        -INF             .              .              .          
t15.i1.w1        -INF             .              .             EPS         
t15.i1.w2        -INF             .             6.0000          .          
t15.i2.w1        -INF             .              .             EPS         
t15.i2.w2        -INF             .             6.0000          .          
t15.i3.w1        -INF             .             6.0000          .          
t15.i3.w2        -INF             .              .             EPS         
t16.i1.w1        -INF             .              .              .          
t16.i1.w2        -INF             .              .             EPS         
t16.i2.w1        -INF             .              .              .          
t16.i2.w2        -INF             .              .              .          
t16.i3.w1        -INF             .             6.0000          .          
t16.i3.w2        -INF             .              .              .          

---- EQU SOC_eq  State of charge time plus 1

                 LOWER          LEVEL          UPPER         MARGINAL

t2 .i1.w1          .              .              .             1.3058      
t3 .i1.w1          .              .              .             1.3058      
t3 .i2.w2          .              .              .             8.8465      
t3 .i3.w1          .              .              .             1.3058      
t4 .i1.w1          .              .              .             1.3058      
t4 .i2.w1          .              .              .             0.7835      
t4 .i2.w2          .              .              .             8.8465      
t4 .i3.w1          .              .              .             1.3058      
t5 .i1.w1          .              .              .             1.3058      
t5 .i1.w2          .              .              .            16.5018      
t5 .i2.w1          .              .              .             0.7835      
t5 .i2.w2          .              .              .             8.8465      
t5 .i3.w1          .              .              .             1.3058      
t5 .i3.w2          .              .              .            16.5018      
t6 .i1.w1          .              .              .             1.3058      
t6 .i1.w2          .              .              .            16.5018      
t6 .i2.w1          .              .              .             0.7835      
t6 .i2.w2          .              .              .             8.8465      
GAMS 24.8.5  r61358 Released May 10, 2017 DEX-DEG x86 64bit/Mac OS X                                                                                                                                                                  04/04/18 11:13:00 Page 20
G e n e r a l   A l g e b r a i c   M o d e l i n g   S y s t e m
Solution Report     SOLVE Maxprofit Using DNLP From line 101


     EQU SOC_eq  State of charge time plus 1

                 LOWER          LEVEL          UPPER         MARGINAL

t6 .i3.w1          .              .              .             1.3058      
t6 .i3.w2          .              .              .            16.5018      
t7 .i1.w1          .              .              .             1.3058      
t7 .i1.w2          .              .              .            16.5018      
t7 .i2.w1          .              .              .             0.7835      
t7 .i2.w2          .              .              .             8.8465      
t7 .i3.w1          .              .              .             1.3058      
t7 .i3.w2          .              .              .            16.5018      
t8 .i1.w1          .              .              .             1.3058      
t8 .i1.w2          .              .              .            16.5018      
t8 .i2.w1          .              .              .             0.7835      
t8 .i2.w2          .              .              .             8.8465      
t8 .i3.w1          .              .              .             1.3058      
t8 .i3.w2          .              .              .            16.5018      
t9 .i1.w1          .              .              .             1.3058      
t9 .i1.w2          .              .              .            16.5018      
t9 .i2.w1          .              .              .             0.7835      
t9 .i2.w2          .              .              .             8.8465      
t9 .i3.w1          .              .              .             1.3058      
t9 .i3.w2          .              .              .            16.5018      
t10.i1.w1          .              .              .             1.3058      
t10.i1.w2          .              .              .            16.5018      
t10.i2.w1          .              .              .             0.7835      
t10.i2.w2          .              .              .             8.8465      
t10.i3.w1          .              .              .             1.3058      
t10.i3.w2          .              .              .            16.5018      
t11.i1.w1          .              .              .             1.3058      
t11.i1.w2          .              .              .            16.5018      
t11.i2.w1          .              .              .             0.7835      
t11.i2.w2          .              .              .             8.8465      
t11.i3.w1          .              .              .             1.3058      
t11.i3.w2          .              .              .            16.5018      
t12.i1.w1          .              .              .             1.3058      
t12.i1.w2          .              .              .            14.7442      
t12.i2.w1          .              .              .             0.7835      
t12.i2.w2          .              .              .             8.8465      
t12.i3.w1          .              .              .             1.3058      
t12.i3.w2          .              .              .            16.5018      
t13.i1.w1          .              .              .             1.3058      
t13.i1.w2          .              .              .            14.7442      
t13.i2.w1          .              .              .             0.7835      
t13.i2.w2          .              .              .             8.8465      
t13.i3.w1          .              .              .             1.3058      
t13.i3.w2          .              .              .            16.5018      
t14.i1.w1          .              .              .             1.3058      
t14.i1.w2          .              .              .            14.7442      
t14.i2.w1          .              .              .            -4.7933      
t14.i2.w2          .              .              .             8.8465      
t14.i3.w1          .              .              .             1.3058      
GAMS 24.8.5  r61358 Released May 10, 2017 DEX-DEG x86 64bit/Mac OS X                                                                                                                                                                  04/04/18 11:13:00 Page 21
G e n e r a l   A l g e b r a i c   M o d e l i n g   S y s t e m
Solution Report     SOLVE Maxprofit Using DNLP From line 101


     EQU SOC_eq  State of charge time plus 1

                 LOWER          LEVEL          UPPER         MARGINAL

t14.i3.w2          .              .              .            14.7442      
t15.i1.w1          .              .              .             1.3058      
t15.i1.w2          .              .              .            14.7442      
t15.i2.w1          .              .              .             0.7835      
t15.i2.w2          .              .              .             8.8465      
t15.i3.w1          .              .              .             1.3058      
t15.i3.w2          .              .              .            14.7442      
t16.i1.w1          .              .              .             1.3058      
t16.i1.w2          .              .              .            12.7037      
t16.i2.w1          .              .              .             0.7835      
t16.i2.w2          .              .              .             7.6222      
t16.i3.w1          .              .              .             1.3058      
t16.i3.w2          .              .              .            12.7037      

---- EQU SOC_Tdep  SOC at departure

                 LOWER          LEVEL          UPPER         MARGINAL

t11.i1.w2         0.9000         0.9000         0.9000        -1.7576      
t12.i1.w2         0.9000         0.9000         0.9000         EPS         
t13.i1.w2         0.9000         0.9000         0.9000         EPS         
t13.i2.w1         0.9000         0.9000         0.9000        -5.5768      
t13.i3.w2         0.9000         0.9000         0.9000        -1.7576      
t14.i1.w2         0.9000         0.9000         0.9000         EPS         
t14.i2.w1         0.9000         0.9000         0.9000         5.5768      
t14.i3.w2         0.9000         0.9000         0.9000         EPS         
t15.i1.w1         0.9000         0.9000         0.9000         EPS         
t15.i1.w2         0.9000         0.9000         0.9000        -2.0406      
t15.i2.w1         0.9000         0.9000         0.9000         EPS         
t15.i2.w2         0.9000         0.9000         0.9000        -1.2243      
t15.i3.w2         0.9000         0.9000         0.9000        -2.0406      
t16.i1.w1         0.9000         0.9000         0.9000        -1.3058      
t16.i1.w2         0.9000         0.9000         0.9000       -12.7037      
t16.i2.w1         0.9000         0.9000         0.9000        -0.7835      
t16.i2.w2         0.9000         0.9000         0.9000        -7.6222      
t16.i3.w1         0.9000         0.9000         0.9000        -1.3058      
t16.i3.w2         0.9000         0.9000         0.9000       -12.7037      

---- EQU SOC_Tarr  SOC at arrival

                LOWER          LEVEL          UPPER         MARGINAL

t1.i1.w1         0.6400         0.6400         0.6400         1.3058      
t2.i2.w2         0.7000         0.7000         0.7000         8.8465      
t2.i3.w1         0.6100         0.6100         0.6100         1.3058      
t3.i2.w1         0.6700         0.6700         0.6700         0.7835      
t4.i1.w2         0.6000         0.6000         0.6000        16.5018      
t4.i3.w2         0.5000         0.5000         0.5000        16.5018      
GAMS 24.8.5  r61358 Released May 10, 2017 DEX-DEG x86 64bit/Mac OS X                                                                                                                                                                  04/04/18 11:13:00 Page 22
G e n e r a l   A l g e b r a i c   M o d e l i n g   S y s t e m
Solution Report     SOLVE Maxprofit Using DNLP From line 101


---- EQU R_up  Regulation up max

              LOWER          LEVEL          UPPER         MARGINAL

t1 .w1        -INF             .              .              .          
t1 .w2        -INF             .              .             0.1192      
t2 .w1        -INF             .              .             0.1191      
t2 .w2        -INF             .              .              .          
t3 .w1        -INF             .              .             0.1176      
t3 .w2        -INF             .              .             0.0020      
t4 .w1        -INF             .              .             0.1202      
t4 .w2        -INF           -1.3333          .              .          
t5 .w1        -INF             .              .             0.1075      
t5 .w2        -INF             .              .             0.0103      
t6 .w1        -INF             .              .             0.1195      
t6 .w2        -INF          -12.0000          .              .          
t7 .w1        -INF             .              .             0.1109      
t7 .w2        -INF             .              .             0.0020      
t8 .w1        -INF             .              .             0.1140      
t8 .w2        -INF             .              .             0.0014      
t9 .w1        -INF             .              .             0.0744      
t9 .w2        -INF             .              .             0.0851      
t10.w1        -INF             .              .             0.1380      
t10.w2        -INF             .              .             0.0546      
t11.w1        -INF             .              .             0.1998      
t11.w2        -INF             .              .             0.0012      
t12.w1        -INF             .              .             0.2016      
t12.w2        -INF           -1.3333          .              .          
t13.w1        -INF             .              .             0.2288      
t13.w2        -INF             .              .             0.0060      
t14.w1        -INF             .              .             0.1762      
t14.w2        -INF             .              .             0.0090      
t15.w1        -INF             .              .             0.1373      
t15.w2        -INF             .              .             0.0351      
t16.w1        -INF             .              .             0.1702      
t16.w2        -INF             .              .             0.0066      

---- EQU R_d  Regulation down max

              LOWER          LEVEL          UPPER         MARGINAL

t1 .w1        -INF             .             6.0000          .          
t1 .w2        -INF             .              .              .          
t2 .w1        -INF      -1.77636E-15        12.0000          .          
t2 .w2        -INF      -1.77636E-15         6.0000          .          
t3 .w1        -INF      -3.81917E-14        18.0000          .          
t3 .w2        -INF      -3.81917E-14         6.0000          .          
t4 .w1        -INF           14.8889        18.0000          .          
t4 .w2        -INF           16.2222        18.0000          .          
t5 .w1        -INF           18.0000        18.0000          .          
t5 .w2        -INF           18.0000        18.0000         0.0018      
t6 .w1        -INF      -7.10543E-15        18.0000          .          
t6 .w2        -INF           12.0000        18.0000          .          
GAMS 24.8.5  r61358 Released May 10, 2017 DEX-DEG x86 64bit/Mac OS X                                                                                                                                                                  04/04/18 11:13:00 Page 23
G e n e r a l   A l g e b r a i c   M o d e l i n g   S y s t e m
Solution Report     SOLVE Maxprofit Using DNLP From line 101


     EQU R_d  Regulation down max

              LOWER          LEVEL          UPPER         MARGINAL

t7 .w1        -INF           18.0000        18.0000          .          
t7 .w2        -INF           18.0000        18.0000         0.0063      
t8 .w1        -INF           18.0000        18.0000          .          
t8 .w2        -INF           18.0000        18.0000         0.0059      
t9 .w1        -INF           18.0000        18.0000          .          
t9 .w2        -INF           18.0000        18.0000         0.0889      
t10.w1        -INF           18.0000        18.0000          .          
t10.w2        -INF           18.0000        18.0000         0.0655      
t11.w1        -INF           18.0000        18.0000         0.0554      
t11.w2        -INF           18.0000        18.0000          .          
t12.w1        -INF           12.0000        12.0000         0.0553      
t12.w2        -INF           13.3333        18.0000          .          
t13.w1        -INF           12.0000        12.0000          .          
t13.w2        -INF           12.0000        18.0000          .          
t14.w1        -INF            6.0000         6.0000         0.0397      
t14.w2        -INF            6.0000        12.0000          .          
t15.w1        -INF             .             6.0000          .          
t15.w2        -INF             .            12.0000          .          
t16.w1        -INF             .             6.0000          .          
t16.w2        -INF             .              .              .          

---- VAR SOC  SOC

                 LOWER          LEVEL          UPPER         MARGINAL

t1 .i1.w1          .             0.6400         1.0000          .          
t2 .i1.w1          .             0.6400         1.0000          .          
t2 .i2.w2          .             0.7000         1.0000          .          
t2 .i3.w1          .             0.6100         1.0000          .          
t3 .i1.w1          .             0.6400         1.0000          .          
t3 .i2.w1          .             0.6700         1.0000          .          
t3 .i2.w2          .             0.7000         1.0000          .          
t3 .i3.w1          .             0.6100         1.0000          .          
t4 .i1.w1          .             0.6400         1.0000          .          
t4 .i1.w2          .             0.6000         1.0000          .          
t4 .i2.w1          .             0.6700         1.0000          .          
t4 .i2.w2          .             0.7000         1.0000          .          
t4 .i3.w1          .             0.6100         1.0000          .          
t4 .i3.w2          .             0.5000         1.0000          .          
t5 .i1.w1          .             0.6940         1.0000          .          
t5 .i1.w2          .             0.6520         1.0000          .          
t5 .i2.w1          .             0.6833         1.0000          .          
t5 .i2.w2          .             0.7000         1.0000          .          
t5 .i3.w1          .             0.6150         1.0000          .          
t5 .i3.w2          .             0.5270         1.0000          .          
t6 .i1.w1          .             0.6940         1.0000          .          
t6 .i1.w2          .             0.6840         1.0000          .          
t6 .i2.w1          .             0.7650         1.0000          .          
t6 .i2.w2          .             0.7000         1.0000          .          
GAMS 24.8.5  r61358 Released May 10, 2017 DEX-DEG x86 64bit/Mac OS X                                                                                                                                                                  04/04/18 11:13:00 Page 24
G e n e r a l   A l g e b r a i c   M o d e l i n g   S y s t e m
Solution Report     SOLVE Maxprofit Using DNLP From line 101


     VAR SOC  SOC

                 LOWER          LEVEL          UPPER         MARGINAL

t6 .i3.w1          .             0.6470         1.0000          .          
t6 .i3.w2          .             0.5760         1.0000          .          
t7 .i1.w1          .             0.6940         1.0000          .          
t7 .i1.w2          .             0.7380         1.0000          .          
t7 .i2.w1          .             0.7650         1.0000          .          
t7 .i2.w2          .             0.7000         1.0000          .          
t7 .i3.w1          .             0.6470         1.0000          .          
t7 .i3.w2          .             0.6300         1.0000          .          
t8 .i1.w1          .             0.7480         1.0000          .          
t8 .i1.w2          .             0.7650         1.0000          .          
t8 .i2.w1          .             0.8100         1.0000          .          
t8 .i2.w2          .             0.7000         1.0000          .          
t8 .i3.w1          .             0.6470         1.0000          .          
t8 .i3.w2          .             0.6840         1.0000          .          
t9 .i1.w1          .             0.7750         1.0000          .          
t9 .i1.w2          .             0.8190         1.0000          .          
t9 .i2.w1          .             0.8100         1.0000          .          
t9 .i2.w2          .             0.7000         1.0000          .          
t9 .i3.w1          .             0.7010         1.0000          .          
t9 .i3.w2          .             0.7110         1.0000          .          
t10.i1.w1          .             0.8190         1.0000          .          
t10.i1.w2          .             0.8730         1.0000          .          
t10.i2.w1          .             0.8100         1.0000          .          
t10.i2.w2          .             0.7000         1.0000          .          
t10.i3.w1          .             0.7380         1.0000          .          
t10.i3.w2          .             0.7380         1.0000          .          
t11.i1.w1          .             0.8730         1.0000          .          
t11.i1.w2          .             0.9000         1.0000          .          
t11.i2.w1          .             0.8550         1.0000          .          
t11.i2.w2          .             0.7000         1.0000          .          
t11.i3.w1          .             0.7380         1.0000          .          
t11.i3.w2          .             0.7920         1.0000          .          
t12.i1.w1          .             0.9000         1.0000          .          
t12.i1.w2          .             0.9000         1.0000          .          
t12.i2.w1          .             0.9000         1.0000          .          
t12.i2.w2          .             0.7450         1.0000          .          
t12.i3.w1          .             0.7650         1.0000          .          
t12.i3.w2          .             0.8460         1.0000          .          
t13.i1.w1          .             0.9000         1.0000          .          
t13.i1.w2          .             0.9000         1.0000          .          
t13.i2.w1          .             0.9000         1.0000          .          
t13.i2.w2          .             0.7650         1.0000          .          
t13.i3.w1          .             0.8190         1.0000          .          
t13.i3.w2          .             0.9000         1.0000          .          
t14.i1.w1          .             0.9000         1.0000          .          
t14.i1.w2          .             0.9000         1.0000          .          
t14.i2.w1          .             0.9000         1.0000          .          
t14.i2.w2          .             0.8550         1.0000          .          
t14.i3.w1          .             0.8730         1.0000          .          
GAMS 24.8.5  r61358 Released May 10, 2017 DEX-DEG x86 64bit/Mac OS X                                                                                                                                                                  04/04/18 11:13:00 Page 25
G e n e r a l   A l g e b r a i c   M o d e l i n g   S y s t e m
Solution Report     SOLVE Maxprofit Using DNLP From line 101


     VAR SOC  SOC

                 LOWER          LEVEL          UPPER         MARGINAL

t14.i3.w2          .             0.9000         1.0000          .          
t15.i1.w1          .             0.9000         1.0000          .          
t15.i1.w2          .             0.9000         1.0000          .          
t15.i2.w1          .             0.9000         1.0000          .          
t15.i2.w2          .             0.9000         1.0000          .          
t15.i3.w1          .             0.9000         1.0000          .          
t15.i3.w2          .             0.9000         1.0000          .          
t16.i1.w1          .             0.9000         1.0000          .          
t16.i1.w2          .             0.9000         1.0000          .          
t16.i2.w1          .             0.9000         1.0000          .          
t16.i2.w2          .             0.9000         1.0000          .          
t16.i3.w1          .             0.9000         1.0000          .          
t16.i3.w2          .             0.9000         1.0000          .          

---- VAR E_DA  Energy bid day ahead

           LOWER          LEVEL          UPPER         MARGINAL

t1           .              .            18.0000        -0.0212      
t2           .              .            18.0000        -0.0230      
t3           .              .            18.0000        -0.0145      
t4           .              .            18.0000        -0.0068      
t5           .              .            18.0000        -0.0081      
t6           .            18.0000        18.0000         0.0098      
t7           .            18.0000        18.0000         0.0234      
t8           .            18.0000        18.0000         0.1068      
t9           .              .            18.0000        -0.0266      
t10          .            18.0000        18.0000         0.0532      
t11          .            18.0000        18.0000         0.0892      
t12          .            18.0000        18.0000         0.0788      
t13          .            18.0000        18.0000         0.0622      
t14          .            18.0000        18.0000         0.0150      
t15          .            18.0000        18.0000         0.0123      
t16          .            18.0000        18.0000         0.0044      

---- VAR R_DA  Regulation bid day ahead

           LOWER          LEVEL          UPPER         MARGINAL

t1         -INF             .            +INF             .          
t2         -INF      -1.77636E-15        +INF             .          
t3         -INF      -1.90958E-14        +INF             .          
t4         -INF            7.4444        +INF             .          
t5         -INF            9.0000        +INF             .          
t6         -INF      -3.55271E-15        +INF             .          
t7         -INF            9.0000        +INF             .          
t8         -INF            9.0000        +INF             .          
t9         -INF            9.0000        +INF             .          
t10        -INF            9.0000        +INF             .          
GAMS 24.8.5  r61358 Released May 10, 2017 DEX-DEG x86 64bit/Mac OS X                                                                                                                                                                  04/04/18 11:13:00 Page 26
G e n e r a l   A l g e b r a i c   M o d e l i n g   S y s t e m
Solution Report     SOLVE Maxprofit Using DNLP From line 101


     VAR R_DA  Regulation bid day ahead

           LOWER          LEVEL          UPPER         MARGINAL

t11        -INF            9.0000        +INF             .          
t12        -INF            6.0000        +INF             .          
t13        -INF            6.0000        +INF             .          
t14        -INF            3.0000        +INF             .          
t15        -INF             .            +INF             .          
t16        -INF             .            +INF             .          

---- VAR E_RT  Energy consumption RT Total

              LOWER          LEVEL          UPPER         MARGINAL

t1 .w1        -INF             .            +INF             .          
t1 .w2        -INF             .            +INF             .          
t2 .w1        -INF             .            +INF             .          
t2 .w2        -INF             .            +INF             .          
t3 .w1        -INF      -1.90958E-14        +INF             .          
t3 .w2        -INF      -1.90958E-14        +INF             .          
t4 .w1        -INF            7.4444        +INF             .          
t4 .w2        -INF            8.7778        +INF             .          
t5 .w1        -INF            9.0000        +INF             .          
t5 .w2        -INF            9.0000        +INF             .          
t6 .w1        -INF      -3.55271E-15        +INF             .          
t6 .w2        -INF           12.0000        +INF             .          
t7 .w1        -INF            9.0000        +INF             .          
t7 .w2        -INF            9.0000        +INF             .          
t8 .w1        -INF            9.0000        +INF             .          
t8 .w2        -INF            9.0000        +INF             .          
t9 .w1        -INF            9.0000        +INF             .          
t9 .w2        -INF            9.0000        +INF             .          
t10.w1        -INF            9.0000        +INF             .          
t10.w2        -INF            9.0000        +INF             .          
t11.w1        -INF            9.0000        +INF             .          
t11.w2        -INF            9.0000        +INF             .          
t12.w1        -INF            6.0000        +INF             .          
t12.w2        -INF            7.3333        +INF             .          
t13.w1        -INF            6.0000        +INF             .          
t13.w2        -INF            6.0000        +INF             .          
t14.w1        -INF            3.0000        +INF             .          
t14.w2        -INF            3.0000        +INF             .          
t15.w1        -INF             .            +INF             .          
t15.w2        -INF             .            +INF             .          
t16.w1        -INF             .            +INF             .          
t16.w2        -INF             .            +INF             .          
GAMS 24.8.5  r61358 Released May 10, 2017 DEX-DEG x86 64bit/Mac OS X                                                                                                                                                                  04/04/18 11:13:00 Page 27
G e n e r a l   A l g e b r a i c   M o d e l i n g   S y s t e m
Solution Report     SOLVE Maxprofit Using DNLP From line 101


---- VAR E_RTi  Energy consumption RT of ith vehicle

                 LOWER          LEVEL          UPPER         MARGINAL

t1 .i1.w1          .              .            +INF           -0.1217      
t1 .i1.w2          .              .            +INF           -0.0153      
t1 .i2.w1          .              .            +INF           -0.1335      
t1 .i2.w2          .              .            +INF           -0.0153      
t1 .i3.w1          .              .            +INF           -0.1335      
t1 .i3.w2          .              .            +INF           -0.0153      
t2 .i1.w1          .              .            +INF           -0.0067      
t2 .i1.w2          .              .            +INF           -0.1351      
t2 .i2.w1          .              .            +INF           -0.0184      
t2 .i2.w2          .              .            +INF           -0.0024      
t2 .i3.w1          .              .            +INF           -0.0067      
t2 .i3.w2          .              .            +INF           -0.1351      
t3 .i1.w1          .              .            +INF            EPS         
t3 .i1.w2          .              .            +INF           -0.1437      
t3 .i2.w1          .              .            +INF             .          
t3 .i2.w2          .              .            +INF           -0.0110      
t3 .i3.w1          .              .            +INF            EPS         
t3 .i3.w2          .              .            +INF           -0.1437      
t4 .i1.w1          .             6.0000        +INF             .          
t4 .i1.w2          .             5.7778        +INF             .          
t4 .i2.w1          .             0.8889        +INF             .          
t4 .i2.w2          .              .            +INF           -0.0158      
t4 .i3.w1          .             0.5556        +INF             .          
t4 .i3.w2          .             3.0000        +INF             .          
t5 .i1.w1          .              .            +INF            EPS         
t5 .i1.w2          .             3.5556        +INF             .          
t5 .i2.w1          .             5.4444        +INF             .          
t5 .i2.w2          .              .            +INF           -0.0158      
t5 .i3.w1          .             3.5556        +INF             .          
t5 .i3.w2          .             5.4444        +INF             .          
t6 .i1.w1          .              .            +INF           -0.0077      
t6 .i1.w2          .             6.0000        +INF             .          
t6 .i2.w1          .              .            +INF           -0.0077      
t6 .i2.w2          .              .            +INF           -0.0142      
t6 .i3.w1          .              .            +INF           -0.0077      
t6 .i3.w2          .             6.0000        +INF             .          
t7 .i1.w1          .             6.0000        +INF             .          
t7 .i1.w2          .             3.0000        +INF             .          
t7 .i2.w1          .             3.0000        +INF             .          
t7 .i2.w2          .              .            +INF           -0.0158      
t7 .i3.w1          .              .            +INF            EPS         
t7 .i3.w2          .             6.0000        +INF             .          
t8 .i1.w1          .             3.0000        +INF             .          
t8 .i1.w2          .             6.0000        +INF             .          
t8 .i2.w1          .              .            +INF            EPS         
t8 .i2.w2          .              .            +INF           -0.0158      
t8 .i3.w1          .             6.0000        +INF             .          
t8 .i3.w2          .             3.0000        +INF             .          
t9 .i1.w1          .             4.8889        +INF             .          
GAMS 24.8.5  r61358 Released May 10, 2017 DEX-DEG x86 64bit/Mac OS X                                                                                                                                                                  04/04/18 11:13:00 Page 28
G e n e r a l   A l g e b r a i c   M o d e l i n g   S y s t e m
Solution Report     SOLVE Maxprofit Using DNLP From line 101


     VAR E_RTi  Energy consumption RT of ith vehicle

                 LOWER          LEVEL          UPPER         MARGINAL

t9 .i1.w2          .             6.0000        +INF             .          
t9 .i2.w1          .              .            +INF            EPS         
t9 .i2.w2          .              .            +INF           -0.0158      
t9 .i3.w1          .             4.1111        +INF             .          
t9 .i3.w2          .             3.0000        +INF             .          
t10.i1.w1          .             6.0000        +INF             .          
t10.i1.w2          .             3.0000        +INF             .          
t10.i2.w1          .             3.0000        +INF             .          
t10.i2.w2          .              .            +INF           -0.0158      
t10.i3.w1          .              .            +INF            EPS         
t10.i3.w2          .             6.0000        +INF             .          
t11.i1.w1          .             3.0000        +INF             .          
t11.i1.w2          .              .            +INF             .          
t11.i2.w1          .             3.0000        +INF             .          
t11.i2.w2          .             3.0000        +INF             .          
t11.i3.w1          .             3.0000        +INF             .          
t11.i3.w2          .             6.0000        +INF             .          
t12.i1.w1          .              .            +INF             .          
t12.i1.w2          .              .            +INF             .          
t12.i2.w1          .              .            +INF             .          
t12.i2.w2          .             1.3333        +INF             .          
t12.i3.w1          .             6.0000        +INF             .          
t12.i3.w2          .             6.0000        +INF             .          
t13.i1.w1          .              .            +INF             .          
t13.i1.w2          .              .            +INF             .          
t13.i2.w1          .              .            +INF             .          
t13.i2.w2          .             6.0000        +INF             .          
t13.i3.w1          .             6.0000        +INF             .          
t13.i3.w2          .              .            +INF             .          
t14.i1.w1          .              .            +INF             .          
t14.i1.w2          .              .            +INF             .          
t14.i2.w1          .              .            +INF             .          
t14.i2.w2          .             3.0000        +INF             .          
t14.i3.w1          .             3.0000        +INF             .          
t14.i3.w2          .              .            +INF             .          
t15.i1.w1          .              .            +INF             .          
t15.i1.w2          .              .            +INF             .          
t15.i2.w1          .              .            +INF             .          
t15.i2.w2          .              .            +INF             .          
t15.i3.w1          .              .            +INF             .          
t15.i3.w2          .              .            +INF             .          
t16.i1.w1          .              .            +INF             .          
t16.i1.w2          .              .            +INF           -0.1392      
t16.i2.w1          .              .            +INF            EPS         
t16.i2.w2          .              .            +INF           -0.1392      
t16.i3.w1          .              .            +INF            EPS         
t16.i3.w2          .              .            +INF           -0.1392      
GAMS 24.8.5  r61358 Released May 10, 2017 DEX-DEG x86 64bit/Mac OS X                                                                                                                                                                  04/04/18 11:13:00 Page 29
G e n e r a l   A l g e b r a i c   M o d e l i n g   S y s t e m
Solution Report     SOLVE Maxprofit Using DNLP From line 101


---- VAR Pmax  Max RT Power consumption of ith vehicle

                 LOWER          LEVEL          UPPER         MARGINAL

t1 .i1.w1        -INF           -6.0000        +INF             .          
t1 .i1.w2        -INF             .            +INF             .          
t1 .i2.w1        -INF             .            +INF             .          
t1 .i2.w2        -INF             .            +INF             .          
t1 .i3.w1        -INF             .            +INF             .          
t1 .i3.w2        -INF             .            +INF             .          
t2 .i1.w1        -INF            6.0000        +INF             .          
t2 .i1.w2        -INF             .            +INF             .          
t2 .i2.w1        -INF             .            +INF             .          
t2 .i2.w2        -INF             .            +INF             .          
t2 .i3.w1        -INF             .            +INF             .          
t2 .i3.w2        -INF             .            +INF             .          
t3 .i1.w1        -INF           -6.0000        +INF             .          
t3 .i1.w2        -INF             .            +INF             .          
t3 .i2.w1        -INF            3.1111        +INF             .          
t3 .i2.w2        -INF            6.0000        +INF             .          
t3 .i3.w1        -INF             .            +INF             .          
t3 .i3.w2        -INF             .            +INF             .          
t4 .i1.w1        -INF            6.0000        +INF             .          
t4 .i1.w2        -INF            5.5556        +INF             .          
t4 .i2.w1        -INF           -3.1111        +INF             .          
t4 .i2.w2        -INF           -6.0000        +INF             .          
t4 .i3.w1        -INF             .            +INF             .          
t4 .i3.w2        -INF      -3.81917E-14        +INF             .          
t5 .i1.w1        -INF            6.0000        +INF             .          
t5 .i1.w2        -INF            6.0000        +INF             .          
t5 .i2.w1        -INF            4.8889        +INF             .          
t5 .i2.w2        -INF            6.0000        +INF             .          
t5 .i3.w1        -INF            1.1111        +INF             .          
t5 .i3.w2        -INF            6.0000        +INF             .          
t6 .i1.w1        -INF            5.5556        +INF             .          
t6 .i1.w2        -INF            6.0000        +INF             .          
t6 .i2.w1        -INF            6.0000        +INF             .          
t6 .i2.w2        -INF           -6.0000        +INF             .          
t6 .i3.w1        -INF            6.0000        +INF             .          
t6 .i3.w2        -INF            6.0000        +INF             .          
t7 .i1.w1        -INF            6.0000        +INF             .          
t7 .i1.w2        -INF            6.0000        +INF             .          
t7 .i2.w1        -INF      -7.10543E-15        +INF             .          
t7 .i2.w2        -INF            6.0000        +INF             .          
t7 .i3.w1        -INF           -6.0000        +INF             .          
t7 .i3.w2        -INF            6.0000        +INF             .          
t8 .i1.w1        -INF            6.0000        +INF             .          
t8 .i1.w2        -INF            6.0000        +INF             .          
t8 .i2.w1        -INF            6.0000        +INF             .          
t8 .i2.w2        -INF           -6.0000        +INF             .          
t8 .i3.w1        -INF            6.0000        +INF             .          
t8 .i3.w2        -INF            6.0000        +INF             .          
t9 .i1.w1        -INF            4.6973        +INF             .          
GAMS 24.8.5  r61358 Released May 10, 2017 DEX-DEG x86 64bit/Mac OS X                                                                                                                                                                  04/04/18 11:13:00 Page 30
G e n e r a l   A l g e b r a i c   M o d e l i n g   S y s t e m
Solution Report     SOLVE Maxprofit Using DNLP From line 101


     VAR Pmax  Max RT Power consumption of ith vehicle

                 LOWER          LEVEL          UPPER         MARGINAL

t9 .i1.w2        -INF            6.0000        +INF             .          
t9 .i2.w1        -INF           -6.0000        +INF             .          
t9 .i2.w2        -INF            6.0000        +INF             .          
t9 .i3.w1        -INF            6.0000        +INF             .          
t9 .i3.w2        -INF            6.0000        +INF             .          
t10.i1.w1        -INF            6.0000        +INF             .          
t10.i1.w2        -INF            6.0000        +INF             .          
t10.i2.w1        -INF            6.0000        +INF             .          
t10.i2.w2        -INF           -6.0000        +INF             .          
t10.i3.w1        -INF            2.2222        +INF             .          
t10.i3.w2        -INF            6.0000        +INF             .          
t11.i1.w1        -INF            6.0000        +INF             .          
t11.i1.w2        -INF             .            +INF             .          
t11.i2.w1        -INF      -3.55271E-15        +INF             .          
t11.i2.w2        -INF            6.0000        +INF             .          
t11.i3.w1        -INF      -2.30926E-14        +INF             .          
t11.i3.w2        -INF            6.0000        +INF             .          
t12.i1.w1        -INF             .            +INF             .          
t12.i1.w2        -INF             .            +INF             .          
t12.i2.w1        -INF            6.0000        +INF             .          
t12.i2.w2        -INF      1.776357E-15        +INF             .          
t12.i3.w1        -INF            6.0000        +INF             .          
t12.i3.w2        -INF            6.0000        +INF             .          
t13.i1.w1        -INF             .            +INF             .          
t13.i1.w2        -INF             .            +INF             .          
t13.i2.w1        -INF             .            +INF             .          
t13.i2.w2        -INF            6.0000        +INF             .          
t13.i3.w1        -INF            6.0000        +INF             .          
t13.i3.w2        -INF            6.0000        +INF             .          
t14.i1.w1        -INF             .            +INF             .          
t14.i1.w2        -INF             .            +INF             .          
t14.i2.w1        -INF             .            +INF             .          
t14.i2.w2        -INF            6.0000        +INF             .          
t14.i3.w1        -INF            6.0000        +INF             .          
t14.i3.w2        -INF             .            +INF             .          
t15.i1.w1        -INF             .            +INF             .          
t15.i1.w2        -INF             .            +INF             .          
t15.i2.w1        -INF             .            +INF             .          
t15.i2.w2        -INF             .            +INF             .          
t15.i3.w1        -INF             .            +INF             .          
t15.i3.w2        -INF             .            +INF             .          
t16.i1.w1        -INF             .            +INF             .          
t16.i1.w2        -INF             .            +INF             .          
t16.i2.w1        -INF             .            +INF             .          
t16.i2.w2        -INF             .            +INF             .          
t16.i3.w1        -INF             .            +INF             .          
t16.i3.w2        -INF             .            +INF             .          
GAMS 24.8.5  r61358 Released May 10, 2017 DEX-DEG x86 64bit/Mac OS X                                                                                                                                                                  04/04/18 11:13:00 Page 31
G e n e r a l   A l g e b r a i c   M o d e l i n g   S y s t e m
Solution Report     SOLVE Maxprofit Using DNLP From line 101


---- VAR Delta_E  Energy difference RT & DA

              LOWER          LEVEL          UPPER         MARGINAL

t1 .w1        -INF             .            +INF             .          
t1 .w2        -INF             .            +INF             .          
t2 .w1        -INF             .            +INF             .          
t2 .w2        -INF             .            +INF             .          
t3 .w1        -INF      -1.90958E-14        +INF             .          
t3 .w2        -INF      -1.90958E-14        +INF             .          
t4 .w1        -INF            7.4444        +INF             .          
t4 .w2        -INF            8.7778        +INF             .          
t5 .w1        -INF            9.0000        +INF             .          
t5 .w2        -INF            9.0000        +INF             .          
t6 .w1        -INF          -18.0000        +INF             .          
t6 .w2        -INF           -6.0000        +INF             .          
t7 .w1        -INF           -9.0000        +INF             .          
t7 .w2        -INF           -9.0000        +INF             .          
t8 .w1        -INF           -9.0000        +INF             .          
t8 .w2        -INF           -9.0000        +INF             .          
t9 .w1        -INF            9.0000        +INF             .          
t9 .w2        -INF            9.0000        +INF             .          
t10.w1        -INF           -9.0000        +INF             .          
t10.w2        -INF           -9.0000        +INF             .          
t11.w1        -INF           -9.0000        +INF             .          
t11.w2        -INF           -9.0000        +INF             .          
t12.w1        -INF          -12.0000        +INF             .          
t12.w2        -INF          -10.6667        +INF             .          
t13.w1        -INF          -12.0000        +INF             .          
t13.w2        -INF          -12.0000        +INF             .          
t14.w1        -INF          -15.0000        +INF             .          
t14.w2        -INF          -15.0000        +INF             .          
t15.w1        -INF          -18.0000        +INF             .          
t15.w2        -INF          -18.0000        +INF             .          
t16.w1        -INF          -18.0000        +INF             .          
t16.w2        -INF          -18.0000        +INF             .          

                           LOWER          LEVEL          UPPER         MARGINAL

---- VAR Profit            -INF           -0.3876        +INF             .          
---- VAR A                 -INF           43.8435        +INF             .          
---- VAR B                 -INF          -28.8294        +INF             .          
---- VAR R                 -INF           14.6265        +INF             .          

  Profit  Aggregator Profit
  A  DA cost
  B  RT Cost
  R  Regulation Return
GAMS 24.8.5  r61358 Released May 10, 2017 DEX-DEG x86 64bit/Mac OS X                                                                                                                                                                  04/04/18 11:13:00 Page 32
G e n e r a l   A l g e b r a i c   M o d e l i n g   S y s t e m
Solution Report     SOLVE Maxprofit Using DNLP From line 101


**** REPORT SUMMARY :        0     NONOPT
                             0 INFEASIBLE
                             0  UNBOUNDED
                             0     ERRORS
                            14  PROJECTED
GAMS 24.8.5  r61358 Released May 10, 2017 DEX-DEG x86 64bit/Mac OS X                                                                                                                                                                  04/04/18 11:13:00 Page 33
G e n e r a l   A l g e b r a i c   M o d e l i n g   S y s t e m
E x e c u t i o n


----    104 VARIABLE Profit.L              =       -0.388  Aggregator Profit
            VARIABLE A.L                   =       43.844  DA cost
            VARIABLE B.L                   =      -28.829  RT Cost
            VARIABLE R.L                   =       14.626  Regulation Return

----    104 VARIABLE E_DA.L  Energy bid day ahead

t6  18.000,    t7  18.000,    t8  18.000,    t10 18.000,    t11 18.000,    t12 18.000,    t13 18.000,    t14 18.000,    t15 18.000,    t16 18.000


----    104 VARIABLE Delta_E.L  Energy difference RT & DA

             w1          w2

t3  -1.9096E-14 -1.9096E-14
t4        7.444       8.778
t5        9.000       9.000
t6      -18.000      -6.000
t7       -9.000      -9.000
t8       -9.000      -9.000
t9        9.000       9.000
t10      -9.000      -9.000
t11      -9.000      -9.000
t12     -12.000     -10.667
t13     -12.000     -12.000
t14     -15.000     -15.000
t15     -18.000     -18.000
t16     -18.000     -18.000


----    104 VARIABLE R_DA.L  Regulation bid day ahead

t2  -1.7764E-15,    t3  -1.9096E-14,    t4        7.444,    t5        9.000,    t6  -3.5527E-15,    t7        9.000,    t8        9.000,    t9        9.000,    t10       9.000,    t11       9.000,    t12       6.000,    t13       6.000,    t14       3.000


----    104 VARIABLE E_RTi.L  Energy consumption RT of ith vehicle

                w1          w2

t4 .i1       6.000       5.778
t4 .i2       0.889
t4 .i3       0.556       3.000
t5 .i1                   3.556
t5 .i2       5.444
t5 .i3       3.556       5.444
t6 .i1                   6.000
t6 .i3                   6.000
t7 .i1       6.000       3.000
t7 .i2       3.000
t7 .i3                   6.000
t8 .i1       3.000       6.000
t8 .i3       6.000       3.000
t9 .i1       4.889       6.000
GAMS 24.8.5  r61358 Released May 10, 2017 DEX-DEG x86 64bit/Mac OS X                                                                                                                                                                  04/04/18 11:13:00 Page 34
G e n e r a l   A l g e b r a i c   M o d e l i n g   S y s t e m
E x e c u t i o n


        104 VARIABLE E_RTi.L  Energy consumption RT of ith vehicle

                w1          w2

t9 .i3       4.111       3.000
t10.i1       6.000       3.000
t10.i2       3.000
t10.i3                   6.000
t11.i1       3.000
t11.i2       3.000       3.000
t11.i3       3.000       6.000
t12.i2                   1.333
t12.i3       6.000       6.000
t13.i2                   6.000
t13.i3       6.000
t14.i2                   3.000
t14.i3       3.000


----    104 VARIABLE E_RT.L  Energy consumption RT Total

             w1          w2

t3  -1.9096E-14 -1.9096E-14
t4        7.444       8.778
t5        9.000       9.000
t6  -3.5527E-15      12.000
t7        9.000       9.000
t8        9.000       9.000
t9        9.000       9.000
t10       9.000       9.000
t11       9.000       9.000
t12       6.000       7.333
t13       6.000       6.000
t14       3.000       3.000


----    104 VARIABLE SOC.L  SOC

                w1          w2

t1 .i1       0.640
t2 .i1       0.640
t2 .i2                   0.700
t2 .i3       0.610
t3 .i1       0.640
t3 .i2       0.670       0.700
t3 .i3       0.610
t4 .i1       0.640       0.600
t4 .i2       0.670       0.700
t4 .i3       0.610       0.500
t5 .i1       0.694       0.652
t5 .i2       0.683       0.700
GAMS 24.8.5  r61358 Released May 10, 2017 DEX-DEG x86 64bit/Mac OS X                                                                                                                                                                  04/04/18 11:13:00 Page 35
G e n e r a l   A l g e b r a i c   M o d e l i n g   S y s t e m
E x e c u t i o n


        104 VARIABLE SOC.L  SOC

                w1          w2

t5 .i3       0.615       0.527
t6 .i1       0.694       0.684
t6 .i2       0.765       0.700
t6 .i3       0.647       0.576
t7 .i1       0.694       0.738
t7 .i2       0.765       0.700
t7 .i3       0.647       0.630
t8 .i1       0.748       0.765
t8 .i2       0.810       0.700
t8 .i3       0.647       0.684
t9 .i1       0.775       0.819
t9 .i2       0.810       0.700
t9 .i3       0.701       0.711
t10.i1       0.819       0.873
t10.i2       0.810       0.700
t10.i3       0.738       0.738
t11.i1       0.873       0.900
t11.i2       0.855       0.700
t11.i3       0.738       0.792
t12.i1       0.900       0.900
t12.i2       0.900       0.745
t12.i3       0.765       0.846
t13.i1       0.900       0.900
t13.i2       0.900       0.765
t13.i3       0.819       0.900
t14.i1       0.900       0.900
t14.i2       0.900       0.855
t14.i3       0.873       0.900
t15.i1       0.900       0.900
t15.i2       0.900       0.900
t15.i3       0.900       0.900
t16.i1       0.900       0.900
t16.i2       0.900       0.900
t16.i3       0.900       0.900



EXECUTION TIME       =        0.011 SECONDS      3 MB  24.8.5 r61358 DEX-DEG


USER: Medium MUD - 10 User License                   S160610:1022AN-GEN
      Royal Institute of Technology (KTH), Electricity Market ResDC8861
      License for teaching and research at degree granting institutions


**** FILE SUMMARY

Input      /Users/jacobdalton/Dropbox/EG230X_MSc_Tibber/04_Code/Jacob/Vagro_2S_W_wgdx.gms
Output     /Users/jacobdalton/Dropbox/EG230X_MSc_Tibber/04_Code/Jacob/Vagro_2S_W_wgdx.lst
